src/controllers/ai.controller.ts(2,22): error TS2307: Cannot find module '../../database' or its corresponding type declarations.
src/controllers/auth.controller.ts(4,20): error TS2307: Cannot find module '../../database' or its corresponding type declarations.
src/controllers/upload.controller.ts(2,56): error TS2307: Cannot find module '../../database' or its corresponding type declarations.
src/database/db.ts(1,10): error TS2305: Module '"@prisma/client"' has no exported member 'PrismaClient'.
src/database/upload.ts(3,10): error TS2305: Module '"@prisma/client"' has no exported member 'UploadType'.
src/database/verify-data.ts(13,23): error TS7006: Parameter 'u' implicitly has an 'any' type.
src/engine/content.engine.ts(1,22): error TS2307: Cannot find module '../../database' or its corresponding type declarations.
src/engine/ragEngine.ts(4,60): error TS2307: Cannot find module '../../database' or its corresponding type declarations.
src/services/quiz-engine/quizEngine.service.ts(1,22): error TS2307: Cannot find module '../../../database' or its corresponding type declarations.
src/utils/vectorStore.ts(4,22): error TS2307: Cannot find module '../../database' or its corresponding type declarations.
